// Jest Snapshot v1, https://goo.gl/fbAQLP

exports[`App component matches the snapshot 1`] = `ShallowWrapper {}`;

exports[`App component matches the snapshot: Season 2008 1`] = `ShallowWrapper {}`;
